// Jest Snapshot v1, https://goo.gl/fbAQLP

exports[`div layout render div 1`] = `ShallowWrapper {}`;
