// Jest Snapshot v1, https://goo.gl/fbAQLP

exports[`header h4 render h4 1`] = `ShallowWrapper {}`;
