// Jest Snapshot v1, https://goo.gl/fbAQLP

exports[`Home page container render home page container 1`] = `ShallowWrapper {}`;
