// Jest Snapshot v1, https://goo.gl/fbAQLP

exports[`input render input 1`] = `ShallowWrapper {}`;
