// Jest Snapshot v1, https://goo.gl/fbAQLP

exports[`layout render layout 1`] = `ShallowWrapper {}`;
