// Jest Snapshot v1, https://goo.gl/fbAQLP

exports[`P tag render p 1`] = `ShallowWrapper {}`;
