// Jest Snapshot v1, https://goo.gl/fbAQLP

exports[`Type search render type search 1`] = `ShallowWrapper {}`;
