// Jest Snapshot v1, https://goo.gl/fbAQLP

exports[`weather board render weather board 1`] = `ShallowWrapper {}`;
